14:56:00 **** Clean-only build of configuration Debug for project 2_esp_uart_driver ****
make -j20 clean 
rm -rf *
 
14:56:00 **** Build of configuration Debug for project 2_esp_uart_driver ****
make -j20 all 
arm-none-eabi-gcc -mcpu=cortex-m4 -g3 -c -x assembler-with-cpp -MMD -MP -MF"Startup/startup_stm32f411retx.d" -MT"Startup/startup_stm32f411retx.o" --specs=nano.specs -mfpu=fpv4-sp-d16 -mfloat-abi=hard -mthumb -o "Startup/startup_stm32f411retx.o" "../Startup/startup_stm32f411retx.s"
arm-none-eabi-gcc "../Src/esp82xx_driver.c" -mcpu=cortex-m4 -std=gnu11 -g3 -DDEBUG -DSTM32 -DSTM32F4 -DSTM32F411RETx -DSTM32F411xE -c -I../Inc -I"D:/Embedded-STM32-WIFI-Course/Embedded-STM32-WIFI-Course/2_esp_uart_driver/chip_headers/CMSIS/Include" -I"D:/Embedded-STM32-WIFI-Course/Embedded-STM32-WIFI-Course/2_esp_uart_driver/chip_headers/CMSIS/Device/ST/STM32F4xx/Include" -O0 -ffunction-sections -fdata-sections -Wall -fstack-usage -fcyclomatic-complexity -MMD -MP -MF"Src/esp82xx_driver.d" -MT"Src/esp82xx_driver.o" --specs=nano.specs -mfpu=fpv4-sp-d16 -mfloat-abi=hard -mthumb -o "Src/esp82xx_driver.o"
arm-none-eabi-gcc "../Src/main.c" -mcpu=cortex-m4 -std=gnu11 -g3 -DDEBUG -DSTM32 -DSTM32F4 -DSTM32F411RETx -DSTM32F411xE -c -I../Inc -I"D:/Embedded-STM32-WIFI-Course/Embedded-STM32-WIFI-Course/2_esp_uart_driver/chip_headers/CMSIS/Include" -I"D:/Embedded-STM32-WIFI-Course/Embedded-STM32-WIFI-Course/2_esp_uart_driver/chip_headers/CMSIS/Device/ST/STM32F4xx/Include" -O0 -ffunction-sections -fdata-sections -Wall -fstack-usage -fcyclomatic-complexity -MMD -MP -MF"Src/main.d" -MT"Src/main.o" --specs=nano.specs -mfpu=fpv4-sp-d16 -mfloat-abi=hard -mthumb -o "Src/main.o"
arm-none-eabi-gcc "../Src/syscalls.c" -mcpu=cortex-m4 -std=gnu11 -g3 -DDEBUG -DSTM32 -DSTM32F4 -DSTM32F411RETx -DSTM32F411xE -c -I../Inc -I"D:/Embedded-STM32-WIFI-Course/Embedded-STM32-WIFI-Course/2_esp_uart_driver/chip_headers/CMSIS/Include" -I"D:/Embedded-STM32-WIFI-Course/Embedded-STM32-WIFI-Course/2_esp_uart_driver/chip_headers/CMSIS/Device/ST/STM32F4xx/Include" -O0 -ffunction-sections -fdata-sections -Wall -fstack-usage -fcyclomatic-complexity -MMD -MP -MF"Src/syscalls.d" -MT"Src/syscalls.o" --specs=nano.specs -mfpu=fpv4-sp-d16 -mfloat-abi=hard -mthumb -o "Src/syscalls.o"
arm-none-eabi-gcc "../Src/sysmem.c" -mcpu=cortex-m4 -std=gnu11 -g3 -DDEBUG -DSTM32 -DSTM32F4 -DSTM32F411RETx -DSTM32F411xE -c -I../Inc -I"D:/Embedded-STM32-WIFI-Course/Embedded-STM32-WIFI-Course/2_esp_uart_driver/chip_headers/CMSIS/Include" -I"D:/Embedded-STM32-WIFI-Course/Embedded-STM32-WIFI-Course/2_esp_uart_driver/chip_headers/CMSIS/Device/ST/STM32F4xx/Include" -O0 -ffunction-sections -fdata-sections -Wall -fstack-usage -fcyclomatic-complexity -MMD -MP -MF"Src/sysmem.d" -MT"Src/sysmem.o" --specs=nano.specs -mfpu=fpv4-sp-d16 -mfloat-abi=hard -mthumb -o "Src/sysmem.o"
arm-none-eabi-gcc -o "2_esp_uart_driver.elf" @"objects.list"   -mcpu=cortex-m4 -T"D:\Embedded-STM32-WIFI-Course\Embedded-STM32-WIFI-Course\2_esp_uart_driver\STM32F411RETX_FLASH.ld" --specs=nosys.specs -Wl,-Map="2_esp_uart_driver.map" -Wl,--gc-sections -static --specs=nano.specs -mfpu=fpv4-sp-d16 -mfloat-abi=hard -mthumb -Wl,--start-group -lc -lm -Wl,--end-group
C:/ST/STM32CubeIDE_1.16.0/STM32CubeIDE/plugins/com.st.stm32cube.ide.mcu.externaltools.gnu-tools-for-stm32.12.3.rel1.win32_1.0.200.202406191623/tools/bin/../lib/gcc/arm-none-eabi/12.3.1/../../../../arm-none-eabi/bin/ld.exe: warning: 2_esp_uart_driver.elf has a LOAD segment with RWX permissions
Finished building target: 2_esp_uart_driver.elf
 
arm-none-eabi-size  2_esp_uart_driver.elf 
arm-none-eabi-objdump -h -S 2_esp_uart_driver.elf  > "2_esp_uart_driver.list"
   text	   data	    bss	    dec	    hex	filename
   5204	    100	   1900	   7204	   1c24	2_esp_uart_driver.elf
Finished building: default.size.stdout
 
Finished building: 2_esp_uart_driver.list
 
